[    0.000000] Initializing cgroup subsys cpuset
[    0.000000] Initializing cgroup subsys cpu
[    0.000000] Initializing cgroup subsys cpuacct
[    0.000000] Linux version 4.4.0-92-generic (buildd@lcy01-17) (gcc version 5.4.0 20160609 (Ubuntu 5.4.0-6ubuntu1~16.04.4) ) #115-Ubuntu SMP Thu Aug 10 09:04:33 UTC 2017 (Ubuntu 4.4.0-92.115-generic 4.4.76)
[    0.000000] Command line: BOOT_IMAGE=/boot/vmlinuz-4.4.0-92-generic root=UUID=5ba6ba49-ee5b-42b0-93f7-2f2b89fc1c71 ro console=tty1 console=ttyS0
[    0.000000] KERNEL supported cpus:
[    0.000000]   Intel GenuineIntel
[    0.000000]   AMD AuthenticAMD
[    0.000000]   Centaur CentaurHauls
[    0.000000] x86/fpu: xstate_offset[2]:  576, xstate_sizes[2]:  256
[    0.000000] x86/fpu: Supporting XSAVE feature 0x01: 'x87 floating point registers'
[    0.000000] x86/fpu: Supporting XSAVE feature 0x02: 'SSE registers'
[    0.000000] x86/fpu: Supporting XSAVE feature 0x04: 'AVX registers'
[    0.000000] x86/fpu: Enabled xstate features 0x7, context size is 832 bytes, using 'standard' format.
[    0.000000] x86/fpu: Using 'lazy' FPU context switches.
[    0.000000] e820: BIOS-provided physical RAM map:
[    0.000000] BIOS-e820: [mem 0x0000000000000000-0x000000000009fbff] usable
[    0.000000] BIOS-e820: [mem 0x000000000009fc00-0x000000000009ffff] reserved
[    0.000000] BIOS-e820: [mem 0x00000000000f0000-0x00000000000fffff] reserved
[    0.000000] BIOS-e820: [mem 0x0000000000100000-0x000000003ffeffff] usable
[    0.000000] BIOS-e820: [mem 0x000000003fff0000-0x000000003fffffff] ACPI data
[    0.000000] BIOS-e820: [mem 0x00000000fec00000-0x00000000fec00fff] reserved
[    0.000000] BIOS-e820: [mem 0x00000000fee00000-0x00000000fee00fff] reserved
[    0.000000] BIOS-e820: [mem 0x00000000fffc0000-0x00000000ffffffff] reserved
[    0.000000] NX (Execute Disable) protection: active
[    0.000000] SMBIOS 2.5 present.
[    0.000000] Hypervisor detected: KVM
[    0.000000] e820: last_pfn = 0x3fff0 max_arch_pfn = 0x400000000
[    0.000000] MTRR: Disabled
[    0.000000] x86/PAT: MTRRs disabled, skipping PAT initialization too.
[    0.000000] x86/PAT: Configuration [0-7]: WB  WT  UC- UC  WB  WT  UC- UC  
[    0.000000] CPU MTRRs all blank - virtualized system.
[    0.000000] found SMP MP-table at [mem 0x0009fff0-0x0009ffff] mapped at [ffff88000009fff0]
[    0.000000] Scanning 1 areas for low memory corruption
[    0.000000] RAMDISK: [mem 0x36230000-0x3710ffff]
[    0.000000] ACPI: Early table checksum verification disabled
[    0.000000] ACPI: RSDP 0x00000000000E0000 000024 (v02 VBOX  )
[    0.000000] ACPI: XSDT 0x000000003FFF0030 00003C (v01 VBOX   VBOXXSDT 00000001 ASL  00000061)
[    0.000000] ACPI: FACP 0x000000003FFF00F0 0000F4 (v04 VBOX   VBOXFACP 00000001 ASL  00000061)
[    0.000000] ACPI: DSDT 0x000000003FFF0470 0021C8 (v02 VBOX   VBOXBIOS 00000002 INTL 20100528)
[    0.000000] ACPI: FACS 0x000000003FFF0200 000040
[    0.000000] ACPI: FACS 0x000000003FFF0200 000040
[    0.000000] ACPI: APIC 0x000000003FFF0240 00005C (v02 VBOX   VBOXAPIC 00000001 ASL  00000061)
[    0.000000] ACPI: SSDT 0x000000003FFF02A0 0001CC (v01 VBOX   VBOXCPUT 00000002 INTL 20100528)
[    0.000000] No NUMA configuration found
[    0.000000] Faking a node at [mem 0x0000000000000000-0x000000003ffeffff]
[    0.000000] NODE_DATA(0) allocated [mem 0x3ffeb000-0x3ffeffff]
[    0.000000] kvm-clock: Using msrs 4b564d01 and 4b564d00
[    0.000000] kvm-clock: cpu 0, msr 0:3ffe3001, primary cpu clock
[    0.000000] kvm-clock: using sched offset of 3846272106 cycles
[    0.000000] clocksource: kvm-clock: mask: 0xffffffffffffffff max_cycles: 0x1cd42e4dffb, max_idle_ns: 881590591483 ns
[    0.000000] Zone ranges:
[    0.000000]   DMA      [mem 0x0000000000001000-0x0000000000ffffff]
[    0.000000]   DMA32    [mem 0x0000000001000000-0x000000003ffeffff]
[    0.000000]   Normal   empty
[    0.000000]   Device   empty
[    0.000000] Movable zone start for each node
[    0.000000] Early memory node ranges
[    0.000000]   node   0: [mem 0x0000000000001000-0x000000000009efff]
[    0.000000]   node   0: [mem 0x0000000000100000-0x000000003ffeffff]
[    0.000000] Initmem setup node 0 [mem 0x0000000000001000-0x000000003ffeffff]
[    0.000000] ACPI: PM-Timer IO Port: 0x4008
[    0.000000] IOAPIC[0]: apic_id 2, version 32, address 0xfec00000, GSI 0-23
[    0.000000] ACPI: INT_SRC_OVR (bus 0 bus_irq 0 global_irq 2 dfl dfl)
[    0.000000] ACPI: INT_SRC_OVR (bus 0 bus_irq 9 global_irq 9 high level)
[    0.000000] Using ACPI (MADT) for SMP configuration information
[    0.000000] smpboot: Allowing 2 CPUs, 0 hotplug CPUs
[    0.000000] PM: Registered nosave memory: [mem 0x00000000-0x00000fff]
[    0.000000] PM: Registered nosave memory: [mem 0x0009f000-0x0009ffff]
[    0.000000] PM: Registered nosave memory: [mem 0x000a0000-0x000effff]
[    0.000000] PM: Registered nosave memory: [mem 0x000f0000-0x000fffff]
[    0.000000] e820: [mem 0x40000000-0xfebfffff] available for PCI devices
[    0.000000] Booting paravirtualized kernel on KVM
[    0.000000] clocksource: refined-jiffies: mask: 0xffffffff max_cycles: 0xffffffff, max_idle_ns: 7645519600211568 ns
[    0.000000] setup_percpu: NR_CPUS:512 nr_cpumask_bits:512 nr_cpu_ids:2 nr_node_ids:1
[    0.000000] PERCPU: Embedded 33 pages/cpu @ffff88003fc00000 s98264 r8192 d28712 u1048576
[    0.000000] PV qspinlock hash table entries: 256 (order: 0, 4096 bytes)
[    0.000000] Built 1 zonelists in Node order, mobility grouping on.  Total pages: 257913
[    0.000000] Policy zone: DMA32
[    0.000000] Kernel command line: BOOT_IMAGE=/boot/vmlinuz-4.4.0-92-generic root=UUID=5ba6ba49-ee5b-42b0-93f7-2f2b89fc1c71 ro console=tty1 console=ttyS0
[    0.000000] PID hash table entries: 4096 (order: 3, 32768 bytes)
[    0.000000] Memory: 997344K/1048120K available (8474K kernel code, 1294K rwdata, 3984K rodata, 1488K init, 1316K bss, 50776K reserved, 0K cma-reserved)
[    0.000000] SLUB: HWalign=64, Order=0-3, MinObjects=0, CPUs=2, Nodes=1
[    0.000000] Hierarchical RCU implementation.
[    0.000000] 	Build-time adjustment of leaf fanout to 64.
[    0.000000] 	RCU restricting CPUs from NR_CPUS=512 to nr_cpu_ids=2.
[    0.000000] RCU: Adjusting geometry for rcu_fanout_leaf=64, nr_cpu_ids=2
[    0.000000] NR_IRQS:33024 nr_irqs:440 16
[    0.000000] Console: colour VGA+ 80x25
[    0.000000] console [tty1] enabled
[    0.000000] console [ttyS0] enabled
[    0.000000] tsc: Detected 2600.000 MHz processor
[    3.133834] Calibrating delay loop (skipped) preset value.. 5200.00 BogoMIPS (lpj=10400000)
[    3.135690] pid_max: default: 32768 minimum: 301
[    3.136692] ACPI: Core revision 20150930
[    3.161837] ACPI: 2 ACPI AML tables successfully acquired and loaded
[    3.214772] Security Framework initialized
[    3.255785] Yama: becoming mindful.
[    3.256717] AppArmor: AppArmor initialized
[    3.286983] Dentry cache hash table entries: 131072 (order: 8, 1048576 bytes)
[    3.346893] Inode-cache hash table entries: 65536 (order: 7, 524288 bytes)
[    3.364771] Mount-cache hash table entries: 2048 (order: 2, 16384 bytes)
[    3.397296] Mountpoint-cache hash table entries: 2048 (order: 2, 16384 bytes)
[    3.485599] Initializing cgroup subsys io
[    3.543765] Initializing cgroup subsys memory
[    3.603733] Initializing cgroup subsys devices
[    3.655719] Initializing cgroup subsys freezer
[    3.721681] Initializing cgroup subsys net_cls
[    3.748202] Initializing cgroup subsys perf_event
[    3.761245] Initializing cgroup subsys net_prio
[    3.816387] Initializing cgroup subsys hugetlb
[    3.878037] Initializing cgroup subsys pids
[    3.897642] CPU: Physical Processor ID: 0
[    3.913334] CPU: Processor Core ID: 0
[    3.918389] mce: CPU supports 0 MCE banks
[    3.919383] Last level iTLB entries: 4KB 1024, 2MB 1024, 4MB 1024
[    3.958074] Last level dTLB entries: 4KB 1024, 2MB 1024, 4MB 1024, 1GB 4
[    3.999430] Freeing SMP alternatives memory: 32K (ffffffff820b9000 - ffffffff820c1000)
[    4.123059] ftrace: allocating 32131 entries in 126 pages
[    4.223712] smpboot: APIC(0) Converting physical 0 to logical package 0
[    4.322161] smpboot: Max logical packages: 1
[    4.362587] x2apic enabled
[    4.400848] Switched APIC routing to physical x2apic.
[    4.470555] ..TIMER: vector=0x30 apic1=0 pin1=2 apic2=-1 pin2=-1
[    4.653390] smpboot: CPU0: Intel(R) Core(TM) i5-4278U CPU @ 2.60GHz (family: 0x6, model: 0x45, stepping: 0x1)
[    4.726033] Performance Events: unsupported p6 CPU model 69 no PMU driver, software events only.
[    4.872493] KVM setup paravirtual spinlock
[    4.900812] x86: Booting SMP configuration:
[    4.960514] .... node  #0, CPUs:      #1
[    5.017683] kvm-clock: cpu 1, msr 0:3ffe3041, secondary cpu clock
[    5.019590] mce: CPU supports 0 MCE banks
[    5.027568] x86: Booted up 1 node, 2 CPUs
[    5.059326] smpboot: Total of 2 processors activated (10400.00 BogoMIPS)
[    5.105379] devtmpfs: initialized
[    5.131157] evm: security.selinux
[    5.165607] evm: security.SMACK64
[    5.192613] evm: security.SMACK64EXEC
[    5.227291] evm: security.SMACK64TRANSMUTE
[    5.268043] evm: security.SMACK64MMAP
[    5.313134] evm: security.ima
[    5.349541] evm: security.capability
[    5.387886] clocksource: jiffies: mask: 0xffffffff max_cycles: 0xffffffff, max_idle_ns: 7645041785100000 ns
[    5.489695] futex hash table entries: 512 (order: 3, 32768 bytes)
[    5.558363] pinctrl core: initialized pinctrl subsystem
[    5.601874] RTC time:  6:27:27, date: 08/22/17
[    5.648238] NET: Registered protocol family 16
[    5.693268] cpuidle: using governor ladder
[    5.744549] cpuidle: using governor menu
[    5.799302] PCCT header not found.
[    5.837283] ACPI: bus type PCI registered
[    5.893939] acpiphp: ACPI Hot Plug PCI Controller Driver version: 0.5
[    5.958707] PCI: Using configuration type 1 for base access
[    6.042919] ACPI: Added _OSI(Module Device)
[    6.084319] ACPI: Added _OSI(Processor Device)
[    6.107312] ACPI: Added _OSI(3.0 _SCP Extensions)
[    6.116463] ACPI: Added _OSI(Processor Aggregator Device)
[    6.150583] ACPI: Executed 1 blocks of module-level executable AML code
[    6.198234] ACPI: Interpreter enabled
[    6.200746] ACPI: (supports S0 S5)
[    6.236697] ACPI: Using IOAPIC for interrupt routing
[    6.303666] PCI: Using host bridge windows from ACPI; if necessary, use "pci=nocrs" and report a bug
[    6.422312] ACPI: PCI Root Bridge [PCI0] (domain 0000 [bus 00-ff])
[    6.489825] acpi PNP0A03:00: _OSC: OS supports [ASPM ClockPM Segments MSI]
[    6.519758] acpi PNP0A03:00: _OSC failed (AE_NOT_FOUND); disabling ASPM
[    6.521093] acpi PNP0A03:00: fail to add MMCONFIG information, can't access extended PCI configuration space under this bridge.
[    6.571382] PCI host bridge to bus 0000:00
[    6.612819] pci_bus 0000:00: root bus resource [io  0x0000-0x0cf7 window]
[    6.691166] pci_bus 0000:00: root bus resource [io  0x0d00-0xffff window]
[    6.770564] pci_bus 0000:00: root bus resource [mem 0x000a0000-0x000bffff window]
[    6.862223] pci_bus 0000:00: root bus resource [mem 0x40000000-0xffdfffff window]
[    6.951575] pci_bus 0000:00: root bus resource [bus 00-ff]
[    7.036393] pci 0000:00:01.1: legacy IDE quirk: reg 0x10: [io  0x01f0-0x01f7]
[    7.103758] pci 0000:00:01.1: legacy IDE quirk: reg 0x14: [io  0x03f6]
[    7.165272] pci 0000:00:01.1: legacy IDE quirk: reg 0x18: [io  0x0170-0x0177]
[    7.209352] pci 0000:00:01.1: legacy IDE quirk: reg 0x1c: [io  0x0376]
[    7.229736] pci 0000:00:07.0: quirk: [io  0x4000-0x403f] claimed by PIIX4 ACPI
[    7.237000] pci 0000:00:07.0: quirk: [io  0x4100-0x410f] claimed by PIIX4 SMB
[    7.295609] ACPI: PCI Interrupt Link [LNKA] (IRQs 5 9 10 *11)
[    7.318342] ACPI: PCI Interrupt Link [LNKB] (IRQs 5 9 10 *11)
[    7.389352] ACPI: PCI Interrupt Link [LNKC] (IRQs 5 9 *10 11)
[    7.443355] ACPI: PCI Interrupt Link [LNKD] (IRQs 5 *9 10 11)
[    7.523299] ACPI: Enabled 2 GPEs in block 00 to 07
[    7.570252] vgaarb: setting as boot device: PCI:0000:00:02.0
[    7.617671] vgaarb: device added: PCI:0000:00:02.0,decodes=io+mem,owns=io+mem,locks=none
[    7.669982] vgaarb: loaded
[    7.676286] vgaarb: bridge control possible 0000:00:02.0
[    7.719238] SCSI subsystem initialized
[    7.751093] ACPI: bus type USB registered
[    7.797795] usbcore: registered new interface driver usbfs
[    7.860600] usbcore: registered new interface driver hub
[    7.913567] usbcore: registered new device driver usb
[    7.961612] PCI: Using ACPI for IRQ routing
[    7.999877] NetLabel: Initializing
[    8.035312] NetLabel:  domain hash size = 128
[    8.077790] NetLabel:  protocols = UNLABELED CIPSOv4
[    8.140155] NetLabel:  unlabeled traffic allowed by default
[    8.186175] amd_nb: Cannot enumerate AMD northbridges
[    8.251331] clocksource: Switched to clocksource kvm-clock
[    8.318708] AppArmor: AppArmor Filesystem Enabled
[    8.386997] pnp: PnP ACPI init
[    8.419815] pnp: PnP ACPI: found 3 devices
[    8.505379] clocksource: acpi_pm: mask: 0xffffff max_cycles: 0xffffff, max_idle_ns: 2085701024 ns
[    8.670836] NET: Registered protocol family 2
[    8.777465] TCP established hash table entries: 8192 (order: 4, 65536 bytes)
[    8.863977] TCP bind hash table entries: 8192 (order: 5, 131072 bytes)
[    8.952124] TCP: Hash tables configured (established 8192 bind 8192)
[    8.953443] UDP hash table entries: 512 (order: 2, 16384 bytes)
[    8.954671] UDP-Lite hash table entries: 512 (order: 2, 16384 bytes)
[    9.021027] NET: Registered protocol family 1
[    9.097463] pci 0000:00:00.0: Limiting direct PCI/PCI transfers
[    9.222163] pci 0000:00:01.0: Activating ISA DMA hang workarounds
[    9.348734] Unpacking initramfs...
[    9.655533] Freeing initrd memory: 15232K (ffff880036230000 - ffff880037110000)
[    9.754657] RAPL PMU detected, API unit is 2^-32 Joules, 4 fixed counters 10737418240 ms ovfl timer
[    9.955397] hw unit of domain pp0-core 2^-0 Joules
[   10.047976] hw unit of domain package 2^-0 Joules
[   10.127317] hw unit of domain dram 2^-0 Joules
[   10.175725] hw unit of domain pp1-gpu 2^-0 Joules
[   10.285019] platform rtc_cmos: registered platform RTC device (no PNP device found)
[   10.424277] Scanning for low memory corruption every 60 seconds
[   10.524314] audit: initializing netlink subsys (disabled)
[   10.527735] audit: type=2000 audit(1503383250.302:1): initialized
[   10.542418] Initialise system trusted keyring
[   10.551894] HugeTLB registered 2 MB page size, pre-allocated 0 pages
[   10.578126] zbud: loaded
[   10.584071] VFS: Disk quotas dquot_6.6.0
[   10.598329] VFS: Dquot-cache hash table entries: 512 (order 0, 4096 bytes)
[   10.621655] squashfs: version 4.0 (2009/01/31) Phillip Lougher
[   10.662666] fuse init (API version 7.23)
[   10.736347] Key type big_key registered
[   10.937251] Allocating IMA MOK and blacklist keyrings.
[   11.039638] Key type asymmetric registered
[   11.095246] Asymmetric key parser 'x509' regiseered
[   11.185679] Block layer SCSI generic (bsg) driver version 0.4 loaded (major 249)
[   11.297688] tsc: Refined TSC clocksource calibration: 2601.533 MHz
[   11.417540] clocksource: tsc: mask: xxffffffffffffffff max_cycles: 0x257fe421b4b, max_idle_ns: 440795206277 ns
[   11.417610] io scheduler noop registered
[   11.417612] io scheduler deadline registered (default)
[   11.417673] io scheduler cfq registered
[   11.417782] pci_hotplug: PCI Hot Plug PCI Core version: 0.5
[   11.417787] pciehp: PCI Express Hot Plug Controller Driver version: 0.4
[   11.418010] ACPI: AC Adapter [AC] (on-line)
[   11.418063] input: Power Button as /devices/LNXSYSTM:00/LNXPWRBN:00/input/input0
[   11.418066] ACPI: Power Button [PWRF]
[   11.418128] input: Sleep Button as /devices/LNXSYSTM:00/LNXSLPBN:00/input/input1
[   11.418130] ACPI: Sleep Button [SLPF]
[   11.418260] GHES: HEST is not enabled!
[   11.565481] Serial: 8250/16550 driver, 32 ports, IRQ sharing enabled
[   11.643649] 00:02: ttyS0 at I/O 0x3f8 (irq = 4, base_baud = 115200) is a 16550A
[   11.659606] Linux agpgart interface v0.103
[   11.693619] loop: module loaded
[   11.694320] scsi host0: ata_piix
[   11.694396] scsi host1: ata_piix
[   11.694439] ata1: PATA max UDMA/33 cmd 0x1f0 ctl 0x3f6 bmdma 0xd000 irq 14
[   11.694440] ata2: PATA max UDMA/33 cmd 0x170 ctl 0x376 bmdma 0xd008 irq 15
[   11.694532] libphy: Fixed MDIO Bus: probed
[   11.694535] tun: Universal TUN/TAP device driver, 1.6
[   11.694536] tun: (C) 1999-2004 Max Krasnyansky <maxk@qualcomm.com>
[   11.694944] PPP generic driver version 2.4.2
[   11.695029] ehci_hcd: USB 2.0 'Enhanced' Host Controller (EHCI) Driver
[   11.695034] ehci-pci: EHCI PCI platform driver
[   11.695051] ehci-platform: EHCI generic platform driver
[   11.695060] ohci_hcd: USB 1.1 'Open' Host Controller (OHCI) Driver
[   11.695064] ohci-pci: OHCI PCI platform driver
[   11.695073] ohci-platform: OHCI generic platform driver
[   11.695081] uhci_hcd: USB Universal Host Controller Interface driver
[   11.695202] i8042: PNP: PS/2 Controller [PNP0303:PS2K,PNP0f03:PS2M] at 0x60,0x64 irq 1,12
[   11.695851] serio: i8042 KBD port at 0x60,0x64 irq 1
[   11.695856] serio: i8042 AUX port at 0x60,0x64 irq 12
[   11.695988] mousedev: PS/2 mouse device common for all mice
[   11.696318] input: AT Translated Set 2 keyboard as /devices/platform/i8042/serio0/input/input2
[   11.696693] rtc_cmos rtc_cmos: rtc core: registered rtc_cmos as rtc0
[   11.696758] rtc_cmos rtc_cmos: alarms up to one day, 114 bytes nvram
[   11.696765] i2c /dev entries driver
[   11.696829] device-mapper: uevent: version 1.0.3
[   11.696894] device-mapper: ioctl: 4.34.0-ioctl (2015-10-28) initialised: dm-devel@redhat.com
[   11.696915] ledtrig-cpu: registered to indicate activity on CPUs
[   11.697582] NET: Registered protocol family 10
[   11.697764] NET: Registered protocol family 17
[   11.697772] Key type dns_resolver registered
[   11.697952] microcode: CPU0 sig=0x40651, pf=0x40, revision=0x0
[   11.708214] microcode: CPU1 sig=0x40651, pf=0x40, revision=0x0
[   11.708258] microcode: Microcode Update Driver: v2.01 <tigran@aivazian.fsnet.co.uk>, Peter Oruba
[   11.708366] registered taskstats version 1
[   11.708379] Loading compiled-in X.509 certificates
[   11.708975] Loaded X.509 cert 'Build time autogenerated kernel key: 01a2b0d0dba8d37a863918580fc16590a7d146c8'
[   11.708990] zswap: loaded using pool lzo/zbud
[   11.710267] Key type trusted registered
[   11.712292] Key type encrypted registered
[   11.712297] AppArmor: AppArmor sha1 policy hashing enabled
[   11.712299] ima: No TPM chip found, activating TPM-bypass!
[   11.712316] evm: HMAC attrs: 0x1
[   11.712715]   Magic number: 13:226:469
[   11.717340] rtc_cmos rtc_cmos: setting system clock to 2017-08-22 06:27:33 UTC (1503383253)
[   11.717479] BIOS EDD facility v0.16 2004-Jun-25, 0 devices found
[   11.717479] EDD information not available.
[   13.007675] Freeing unused kernel memory: 1488K (ffffffff81f45000 - ffffffff820b9000)
[   13.099813] Write protecting the kernel read-only data: 14336k
[   13.176466] Freeing unused kernel memory: 1752K (ffff88000184a000 - ffff880001a00000)
[   13.261357] Freeing unused kernel memory: 112K (ffff880001de4000 - ffff880001e00000)
Loading, please [   13.333101] random: systemd-udevd: uninitialized urandom read (16 bytes read, 3 bits of entropy available)
wait...
startin[   13.333688] random: udevadm: uninitialized urandom read (16 bytes read, 3 bits of entropy available)
g version 229
[   13.333720] random: udevadm: uninitialized urandom read (16 bytes read, 3 bits of entropy available)
[   13.333815] random: udevadm: uninitialized urandom read (16 bytes read, 3 bits of entropy available)
[   13.333850] random: udevadm: uninitialized urandom read (16 bytes read, 3 bits of entropy available)
[   13.333883] random: udevadm: uninitialized urandom read (16 bytes read, 3 bits of entropy available)
[   13.333918] random: udevadm: uninitialized urandom read (16 bytes read, 3 bits of entropy available)
[   13.333960] random: udevadm: uninitialized urandom read (16 bytes read, 3 bits of entropy available)
[   13.333993] random: udevadm: uninitialized urandom read (16 bytes read, 3 bits of entropy available)
[   13.334027] random: udevadm: uninitialized urandom read (16 bytes read, 3 bits of entropy available)
[   14.045627] e1000: Intel(R) PRO/1000 Network Driver - version 7.3.21-k8-NAPI
[   14.094319] e1000: Copyright (c) 1999-2006 Intel Corporation.
[   14.100858] Fusion MPT base driver 3.04.20
[   14.116145] Copyright (c) 1999-2008 LSI Corporation
[   14.129730] Fusion MPT SPI Host driver 3.04.20
[   14.144627] AVX version of gcm_enc/dec engaged.
[   14.150974] AES CTR mode by8 optimization enabled
[   14.336010] input: ImExPS/2 Generic Explorer Mouse as /devices/platform/i8042/serio1/input/input4
[   14.475510] e1000 0000:00:03.0 eth0: (PCI:33MHz:32-bit) 02:50:7f:03:3f:72
[   14.556902] e1000 0000:00:03.0 eth0: Intel(R) PRO/1000 Network Connection
[   14.630159] mptbase: ioc0: Initiating bringup
[   14.630364] e1000 0000:00:03.0 enp0s3: renamed from eth0
[   14.864154] ioc0: LSI53C1030 A0: Capabilities={Initiator}
[   15.057631] scsi host2: ioc0: LSI53C1030 A0, FwRev=00000000h, Ports=1, MaxQ=256, IRQ=20
[   15.180262] scsi 2:0:0:0: Direct-Access     VBOX     HARDDISK         1.0  PQ: 0 ANSI: 5
[   15.350005] scsi target2:0:0: Beginning Domain Validation
[   15.429850] scsi target2:0:0: Domain Validation skipping write tests
[   15.486638] scsi target2:0:0: Ending Domain Validation
[   15.556091] scsi target2:0:0: asynchronous
[   15.604629] scsi 2:0:1:0: Direct-Access     VBOX     HARDDISK         1.0  PQ: 0 ANSI: 5
[   15.708397] scsi target2:0:1: Beginning Domain Validation
[   15.760080] scsi target2:0:1: Domain Validation skipping write tests
[   15.826564] scsi target2:0:1: Ending Domain Validation
[   15.832186] scsi target2:0:1: asynchronous
[   15.920514] sd 2:0:0:0: Attached scsi generic sg0 type 0
[   15.977164] sd 2:0:0:0: [sda] 20971520 512-byte logical blocks: (10.7 GB/10.0 GiB)
[   16.041754] sd 2:0:1:0: [sdb] 20480 512-byte logical blocks: (10.5 MB/10.0 MiB)
[   16.090519] sd 2:0:1:0: [sdb] Write Protect is off
[   16.090554] sd 2:0:1:0: Attached scsi generic sg1 type 0
[   16.178927] sd 2:0:0:0: [sda] Write Protect is off
[   16.179107] sd 2:0:1:0: [sdb] Incomplete mode parameter data
[   16.179108] sd 2:0:1:0: [sdb] Assuming drive cache: write through
[   16.388588] sd 2:0:1:0: [sdb] Attached SCSI disk
[   16.548003] sd 2:0:0:0: [sda] Incomplete mode parameter data
[   16.625201] sd 2:0:0:0: [sda] Assuming drive cache: write through
[   16.755364]  sda: sda1
[   16.798796] sd 2:0:0:0: [sda] Attached SCSI disk
[   17.125182] floppy0: no floppy controllers found
Begin: Loading e[   18.472288] md: linear personality registered for level -1
ssential drivers[   18.565533] md: multipath personality registered for level -4
 ... [   18.659625] md: raid0 personality registered for level 0
[   18.718167] md: raid1 personality registered for level 1
[   18.852048] raid6: sse2x1   gen()  9759 MB/s
[   18.999733] raid6: sse2x1   xor()  7434 MB/s
[   19.131348] raid6: sse2x2   gen() 12282 MB/s
[   19.307468] raid6: sse2x2   xor()  8067 MB/s
[   19.395371] raid6: sse2x4   gen()  8191 MB/s
[   19.484683] raid6: sse2x4   xor()  9974 MB/s
[   19.565298] raid6: using algorithm sse2x2 gen() 12282 MB/s
[   19.706688] raid6: .... xor() 8067 MB/s, rmw enabled
[   19.795787] raid6: using ssse3x2 recovery algorithm
[   19.906759] xor: automatically using best checksumming function:
[   20.079712]    avx       : 41695.000 MB/sec
[   20.155229] async_tx: api initialized (async)
[   20.212418] md: raid6 personality registered for level 6
[   20.289566] md: raid5 personality registered for level 5
[   20.368275] md: raid4 personality registered for level 4
[   20.432036] md: raid10 personality registered for level 10
done.
Begin: Running /scripts/init-premount ... done.
Begin: Mounting root file syste[   20.515433] Btrfs loaded
m ... Begin: Running /scripts/local-top ... done.
Begin: Running /scripts/local-premount ... Scanning for Btrfs filesystems
done.
Warning: fsck no[   20.561071] EXT4-fs (sda1): INFO: recovery required on readonly filesystem
t present, so sk[   20.634999] EXT4-fs (sda1): write access will be enabled during recovery
ipping root file system
[   20.911794] EXT4-fs (sda1): recovery complete
[   21.122966] EXT4-fs (sda1): mounted filesystem with ordered data mode. Opts: (null)
done.
Begin: Running /scripts/local-bottom ... done.
Begin: Running /scripts/init-bottom ... done.
[   21.670091] random: nonblocking pool is initialized
[   22.075853] systemd[1]: systemd 229 running in system mode. (+PAM +AUDIT +SELINUX +IMA +APPARMOR +SMACK +SYSVINIT +UTMP +LIBCRYPTSETUP +GCRYPT +GNUTLS +ACL +XZ -LZ4 +SECCOMP +BLKID +ELFUTILS +KMOD -IDN)
[   22.232715] systemd[1]: Detected virtualization oracle.
[   22.300062] systemd[1]: Detected architecture x86-64.

Welcome to [1mUbuntu 16.04.3 LTS[0m!

[   22.449627] systemd[1]: Set hostname to <ubuntu-xenial>.
[   23.274459] systemd[1]: Listening on Journal Socket (/dev/log).
[[0;32m  OK  [0m] Listening on Journal Socket (/dev/log).
[   23.379539] systemd[1]: Reached target Encrypted Volumes.
[[0;32m  OK  [0m] Reached target Encrypted Volumes.
[   23.456094] systemd[1]: Set up automount Arbitrary Executable File Formats File System Automount Point.
[[0;32m  OK  [0m] Set up automount Arbitrary Executab...ats File System Automount Point.
[   23.636191] systemd[1]: Created slice System Slice.
[[0;32m  OK  [0m] Created slice System Slice.
[   23.715783] systemd[1]: Started Trigger resolvconf update for networkd DNS.
[[0;32m  OK  [0m] Started Trigger resolvconf update for networkd DNS.
[   23.816758] systemd[1]: Listening on Syslog Socket.
[[0;32m  OK  [0m] Listening on Syslog Socket.
[   23.869735] systemd[1]: Listening on Journal Socket.
[[0;32m  OK  [0m] Listening on Journal Socket.
[   23.908076] systemd[1]: Starting Remount Root and Kernel File Systems...
         Starting Remount Root and Kernel File Systems...
[   24.063593] systemd[1]: Starting Load Kernel Modules...
[   24.117689] EXT4-fs (sda1): re-mounted. Opts: (null)
         Starting Load Kernel Modules...
[   24.222302] systemd[1]: Starting Nameserver information manager...
         Starting Nameserver information manager...
[   24.315908] systemd[1]: Mounting Huge Pages File System...
         [   24.362671] Loading iSCSI transport class v2.0-870.
Mounting Huge Pages File System...
[   24.479236] systemd[1]: Starting Uncomplicated firewall...
         Starting Uncomplicated firewall...
[   24.591091] iscsi: registered transport (tcp)
[   24.699503] systemd[1]: Mounting Debug File System...
         Mounting Debug File System...
[   24.735811] systemd[1]: Created slice system-serial\x2dgetty.slice.
[[0;32m  OK  [0m] Created slice system-serial\x2dgetty.slice.
[   24.788155] iscsi: registered transport (iser)
[   24.839812] systemd[1]: Starting Set console keymap...
         Starting Set console keymap...
[   24.887857] systemd[1]: Listening on LVM2 metadata daemon socket.
[[0;32m  OK  [0m] Listening on LVM2 metadata daemon socket.
[   24.979989] systemd[1]: Listening on Device-mapper event daemon FIFOs.
[[0;32m  OK  [0m] Listening on Device-mapper event daemon FIFOs.
[   24.982859] systemd[1]: Started Forward Password Requests to Wall Directory Watch.
[[0;32m  OK  [0m] Started Forward Password Requests to Wall Directory Watch.
[   25.030207] systemd[1]: Starting Monitoring of LVM2 mirrors, snapshots etc. using dmeventd or progress polling...
         Starting Monitoring of LVM2 mirrors... dmeventd or progress polling...
[   25.180213] systemd[1]: Created slice User and Session Slice.
[[0;32m  OK  [0m] Created slice User and Session Slice.
[   25.327749] systemd[1]: Listening on Journal Audit Socket.
[[0;32m  OK  [0m] Listening on Journal Audit Socket.
[   25.499911] systemd[1]: Starting Journal Service...
         Starting Journal Service...
[   25.564512] systemd[1]: Starting Create list of required static device nodes for the current kernel...
         Starting Create list of required st... nodes for the current kernel...
[   25.687745] systemd[1]: Listening on LVM2 poll daemon socket.
[[0;32m  OK  [0m] Listening on LVM2 poll daemon socket.
[   25.867797] systemd[1]: Reached target Slices.
[[0;32m  OK  [0m] Reached target Slices.
[   25.967808] systemd[1]: Reached target Swap.
[[0;32m  OK  [0m] Reached target Swap.
[   26.055928] systemd[1]: Reached target User and Group Name Lookups.
[[0;32m  OK  [0m] Reached target User and Group Name Lookups.
[   26.171002] systemd[1]: Listening on udev Control Socket.
[[0;32m  OK  [0m] Listening on udev Control Socket.
[   26.267855] systemd[1]: Listening on /dev/initctl Compatibility Named Pipe.
[[0;32m  OK  [0m] Listening on /dev/initctl Compatibility Named Pipe.
[   26.525786] systemd[1]: Listening on udev Kernel Socket.
[[0;32m  OK  [0m] Listening on udev Kernel Socket.
[   26.555846] systemd[1]: Mounting POSIX Message Queue File System...
         Mounting POSIX Message Queue File System...
[   26.692885] systemd[1]: Mounted Huge Pages File System.
[[0;32m  OK  [0m] Mounted Huge Pages File System.
[   26.775738] systemd[1]: Mounted Debug File System.
[[0;32m  OK  [0m] Mounted Debug File System.
[   26.855746] systemd[1]: Mounted POSIX Message Queue File System.
[[0;32m  OK  [0m] Mounted POSIX Message Queue File System.
[   26.999988] systemd[1]: Started Journal Service.
[[0;32m  OK  [0m] Started Journal Service.
[[0;32m  OK  [0m] Started Remount Root and Kernel File Systems.
[[0;32m  OK  [0m] Started Load Kernel Modules.
[[0;32m  OK  [0m] Started Uncomplicated firewall.
[[0;32m  OK  [0m] Started Set console keymap.
[[0;32m  OK  [0m] Started Create list of required sta...ce nodes for the current kernel.
[[0;32m  OK  [0m] Started Nameserver information manager.
[[0;32m  OK  [0m] Started LVM2 metadata daemon.
         Starting Create Static Device Nodes in /dev...
         Starting Apply Kernel Variables...
         Mounting FUSE Control File System...
         Starting udev Coldplug all Devices...
         Starting Load/Save Random Seed...
         Starting Initial cloud-init job (pre-networking)...
         Starting Flush Journal to Persistent Storage...
[[0;32m  OK  [0m] Mounted FUSE Control File System.
[[0;32m  OK  [0m] Started Create Static Device Nodes in /dev.
[[0;32m  OK  [0m] Started Monitoring of LVM2 mirrors,...ng dmeventd or progress polling.
[[0;32m  OK  [0m] Started Apply Kernel Variables.
[[0;32m  OK  [0m] Started Load/Save Random Seed.
[[0;32m  OK  [0m] Started udev Coldplug all Devices.
         Starting udev Kernel Device Manager...
[[0;32m  OK  [0m] Started Flush Journal to Persistent Storage.
[[0;32m  OK  [0m] Started udev Kernel Device Manager.
[[0;32m  OK  [0m] Reached target Local File Systems (Pre).
[[0;32m  OK  [0m] Reached target Local File Systems.
         Starting Tell Plymouth To Write Out Runtime Data...
         Starting Create Volatile Files and Directories...
         Starting LSB: AppArmor initialization...
         Starting Set console font and keymap...
[[0;32m  OK  [0m] Started Dispatch Password Requests to Console Directory Watch.
[[0;32m  OK  [0m] Started Tell Plymouth To Write Out Runtime Data.
[[0;32m  OK  [0m] Started Create Volatile Files and Directories.
[[0;32m  OK  [0m] Reached target System Time Synchronized.
         Starting Update UTMP about System Boot/Shutdown...
[[0;32m  OK  [0m] Found device /dev/ttyS0.
[[0;32m  OK  [0m] Started Update UTMP about System Boot/Shutdown.
[[0;32m  OK  [0m] Found device 82540EM Gigabit Ethern...r (PRO/1000 MT Desktop Adapter).
[[0;32m  OK  [0m] Started Set console font and keymap.
[[0;32m  OK  [0m] Listening on Load/Save RF Kill Switch Status /dev/rfkill Watch.
[[0;32m  OK  [0m] Created slice system-getty.slice.
[[0;32m  OK  [0m] Started LSB: AppArmor initialization.
[   25.794440] cloud-init[457]: Cloud-init v. 0.7.9 running 'init-local' at Tue, 22 Aug 2017 06:27:54 +0000. Up 25.13 seconds.
[[0;32m  OK  [0m] Started Initial cloud-init job (pre-networking).
[[0;32m  OK  [0m] Reached target Network (Pre).
         Starting Raise network interfaces...
[[0;32m  OK  [0m] Started ifup for enp0s3.
[[0;32m  OK  [0m] Started Raise network interfaces.
         Starting Initial cloud-init job (metadata service crawler)...
[[0;32m  OK  [0m] Reached target Network.
[   27.119856] cloud-init[963]: Cloud-init v. 0.7.9 running 'init' at Tue, 22 Aug 2017 06:27:56 +0000. Up 26.57 seconds.
[   27.168474] cloud-init[963]: ci-info: +++++++++++++++++++++++++++++++++++++Net device info++++++++++++++++++++++++++++++++++++++
[[0;32m  OK  [0m] Started Initial cloud-init job (metadata service crawler).
[[0;32m  OK  [0m] Reached target Cloud-config availability.
[[0;32m  OK  [0m] Reached target Network is Online.
[   27.211332] cloud-init[963]: ci-info: +--------+------+----------------------------+---------------+-------+-------------------+
[   27.409003] cloud-init[963]: ci-info: | Device |  Up  |          Address           |      Mask     | Scope |     Hw-Address    |
         Starting iSCSI initiator daemon (iscsid)...
[[0;32m  OK  [0m] Reached target System Initialization.
[   27.484988] cloud-init[963]: ci-info: +--------+------+----------------------------+---------------+-------+-------------------+
[   27.652420] cloud-init[963]: ci-info: | enp0s3 | True |         10.0.2.15          | 255.255.255.0 |   .   | 02:50:7f:03:3f:72 |
[   27.736548] cloud-init[963]: ci-info: | enp0s3 | True | fe80::50:7fff:fe03:3f72/64 |       .       |  link | 02:50:7f:03:3f:72 |
[   27.820366] cloud-init[963]: ci-info: |   lo   | True |         127.0.0.1          |   255.0.0.0   |   .   |         .         |
[   27.904340] cloud-init[963]: ci-info: |   lo   | True |          ::1/128           |       .       |  host |         .         |
[[0;32m  OK  [0m] Started ACPI Events Check.
[[0;32m  OK  [0m] Reached target Paths.
[   27.979569] cloud-init[963]: ci-info: +--------+------+----------------------------+---------------+-------+-------------------+
[   28.086823] cloud-init[963]: ci-info: +++++++++++++++++++++++++++Route IPv4 info++++++++++++++++++++++++++++
[   28.160300] cloud-init[963]: ci-info: +-------+-------------+----------+---------------+-----------+-------+
[   28.196410] cloud-init[963]: ci-info: | Route | Destination | Gateway  |    Genmask    | Interface | Flags |
[[0;32m  OK  [0m] Started Timer to automatically refresh installed snaps.
[[0;32m  OK  [0m] Listening on D-Bus System Message Bus Socket.
[[0;32m  OK  [0m] Started Daily apt download activities.
[   28.247439] cloud-init[963]: ci-info: +-------+-------------+----------+---------------+-----------+-------+
[   28.451611] cloud-init[963]: ci-info: |   0   |   0.0.0.0   | 10.0.2.2 |    0.0.0.0    |   enp0s3  |   UG  |
[   28.482183] cloud-init[963]: ci-info: |   1   |   10.0.2.0  | 0.0.0.0  | 255.255.255.0 |   enp0s3  |   U   |
[[0;32m  OK  [0m] Started Daily apt upgrade and clean activities.
[[0;32m  OK  [0m] Listening on UUID daemon activation socket.
         [   28.555977] Starting Socket activation for snappy daemon.cloud-init
[963]: ci-info: +-------+-------------+----------+---------------+-----------+-------+
         Starting LXD - unix socket.
[[0;32m  OK  [0m] Listening on ACPID Listen Socket.
[[0;32m  OK  [0m] Started Daily Cleanup of Temporary Directories.
[[0;32m  OK  [0m] Reached target Timers.
[[0;32m  OK  [0m] Listening on Socket activation for snappy daemon.
[[0;32m  OK  [0m] Listening on LXD - unix socket.
[[0;32m  OK  [0m] Started iSCSI initiator daemon (iscsid).
         Starting Login to default iSCSI targets...
[[0;32m  OK  [0m] Reached target Sockets.
[[0;32m  OK  [0m] Reached target Basic System.
[[0;32m  OK  [0m] Started Deferred execution scheduler.
         Starting LSB: Record successful boot for GRUB...
[[0;32m  OK  [0m] Started Unattended Upgrades Shutdown.
         Starting Login Service...
         Starting Accounts Service...
         Starting System Logging Service...
         Starting OpenBSD Secure Shell server...
         Starting Apply the settings specified in cloud-config...
         Starting LSB: MD monitoring daemon...
[[0;32m  OK  [0m] Started Regular background program processing daemon.
[[0;32m  OK  [0m] Started ACPI event daemon.
[[0;32m  OK  [0m] Started D-Bus System Message Bus.
[   30.104282] cloud-init[1039]: Cloud-init v. 0.7.9 running 'modules:config' at Tue, 22 Aug 2017 06:27:59 +0000. Up 29.69 seconds.
[[0;32m  OK  [0m] Started Snappy daemon.
         Starting Auto import assertions from block devices...
         Starting /etc/rc.local Compatibility...
[[0;32m  OK  [0m] Started FUSE filesystem for LXC.
         Starting LXD - container startup/shutdown...
[[0;32m  OK  [0m] Started System Logging Service.
[[0;32m  OK  [0m] Started OpenBSD Secure Shell server.
[[0;32m  OK  [0m] Started Apply the settings specified in cloud-config.
[[0;32m  OK  [0m] Started Auto import assertions from block devices.
[[0;32m  OK  [0m] Started /etc/rc.local Compatibility.
[[0;32m  OK  [0m] Started Login Service.
         Starting Authenticate and Authorize Users to Run Privileged Tasks...
[[0;32m  OK  [0m] Started LSB: Record successful boot for GRUB.
[[0;32m  OK  [0m] Started Login to default iSCSI targets.
[[0;32m  OK  [0m] Started LSB: MD monitoring daemon.
[[0;32m  OK  [0m] Reached target Remote File Systems (Pre).
[[0;32m  OK  [0m] Reached target Remote File Systems.
         Starting LSB: Set the CPU Frequency Scaling governor to "ondemand"...
         Starting Permit User Sessions...
         Starting LSB: VirtualBox Linux Additions...
         Starting LSB: automatic crash report generation...
         Starting LSB: daemon to balance interrupts for SMP systems...
[[0;32m  OK  [0m] Started Permit User Sessions.
[[0;32m  OK  [0m] Started Authenticate and Authorize Users to Run Privileged Tasks.
[[0;32m  OK  [0m] Started Accounts Service.
[[0;32m  OK  [0m] Started LSB: Set the CPU Frequency Scaling governor to "ondemand".
         Starting Hold until boot process finishes up...
         Starting Terminate Plymouth Boot Screen...
[[0;32m  OK  [0m] Started Hold until boot process finishes up.
[[0;32m  OK  [0m] Started LSB: automatic crash report generation.
[[0;32m  OK  [0m] Started LSB: daemon to balance interrupts for SMP systems.
[[0;32m  OK  [0m] Started Terminate Plymouth Boot Screen.
         Starting Set console scheme...
[[0;32m  OK  [0m] Started Serial Getty on ttyS0.
[[0;32m  OK  [0m] Started Getty on tty1.
[[0;32m  OK  [0m] Reached target Login Prompts.
[[0;32m  OK  [0m] Started Set console scheme.
[[0;32m  OK  [0m] Started LSB: VirtualBox Linux Additions.
[[0;32m  OK  [0m] Started LXD - container startup/shutdown.
[[0;32m  OK  [0m] Reached target Multi-User System.
         Starting Execute cloud user/final scripts...
[[0;32m  OK  [0m] Reached target Graphical Interface.
         Starting Update UTMP about System Runlevel Changes...
[[0;32m  OK  [0m] Started Update UTMP about System Runlevel Changes.
[   33.061064] cloud-init[1195]: Cloud-init v. 0.7.9 running 'modules:final' at Tue, 22 Aug 2017 06:28:02 +0000. Up 32.89 seconds.
[   33.093105] cloud-init[1195]: Cloud-init v. 0.7.9 finished at Tue, 22 Aug 2017 06:28:02 +0000. Datasource DataSourceNoCloud [seed=/dev/sdb][dsmode=net].  Up 33.05 seconds
[[0;32m  OK  [0m] Started Execute cloud user/final scripts.
[[0;32m  OK  [0m] Reached target Cloud-init target.
         Starting Daily apt download activities...
[[0;32m  OK  [0m] Created slice User Slice of ubuntu.
         Starting User Manager for UID 1000...
[[0;32m  OK  [0m] Started Session 1 of user ubuntu.
[[0;32m  OK  [0m] Started User Manager for UID 1000.

Ubuntu 16.04.3 LTS ubuntu-xenial ttyS0

ubuntu-xenial login: 